[20:15:27] [ServerMain/INFO]: [bootstrap] Running Java 25 (Java HotSpot(TM) 64-Bit Server VM 25.0.4+7-LTS-189; Oracle Corporation null) on Mac OS X 15.5 (aarch64)
[20:15:27] [ServerMain/INFO]: [bootstrap] Loading Paper 26.2-87-main@a95ae8d (2026-07-28T22:11:27Z) for Minecraft 26.2
[20:15:27] [ServerMain/INFO]: [PluginInitializerManager] Initializing plugins...
[20:15:28] [ServerMain/INFO]: [PluginInitializerManager] Initialized 0 plugins
[20:15:32] [DataConverter MCTypeRegistry init thread/INFO]: [ca.spottedleaf.dataconverter.minecraft.datatypes.MCTypeRegistry] Initialising converters for DataConverter...
[20:15:32] [ServerMain/INFO]: Environment: Environment[sessionHost=https://sessionserver.mojang.com, servicesHost=https://api.minecraftservices.com, profilesHost=https://api.mojang.com, name=PROD]
[20:15:32] [DataConverter MCTypeRegistry init thread/INFO]: [ca.spottedleaf.dataconverter.minecraft.datatypes.MCTypeRegistry] Finished initialising converters for DataConverter in 652.0ms
[20:15:33] [ServerMain/INFO]: Loaded 1585 recipes
[20:15:33] [ServerMain/INFO]: Loaded 1688 advancements
[20:15:33] [Server thread/INFO]: Starting minecraft server version 26.2
[20:15:33] [Server thread/INFO]: Loading properties
[20:15:34] [Server thread/INFO]: This server is running Paper version 26.2-87-main@a95ae8d (2026-07-28T22:11:27Z) (Implementing API version 26.2.build.87-stable)
[20:15:34] [Server thread/INFO]: [spark] This server bundles the spark profiler. For more information please visit https://docs.papermc.io/paper/profiling
[20:15:34] [Server thread/INFO]: Server Ping Player Sample Count: 12
[20:15:34] [Server thread/INFO]: Using 4 threads for Netty based IO
[20:15:34] [Server thread/INFO]: [MoonriseCommon] Paper is using 2 worker threads, 1 I/O threads
[20:15:34] [Server thread/INFO]: Default game type: SURVIVAL
[20:15:34] [Server thread/INFO]: Generating keypair
[20:15:34] [Server thread/INFO]: Starting Minecraft server on *:25565
[20:15:35] [Server thread/INFO]: Paper: Using libdeflate (macOS ARM64 / Apple Silicon) compression from Velocity.
[20:15:35] [Server thread/INFO]: Paper: Using native (macOS ARM64 / Apple Silicon) cipher from Velocity.
[20:15:36] [Server thread/INFO]: Preparing level "world"
[20:15:36] [Server thread/INFO]: Loading 0 persistent chunks for level 'minecraft:overworld'...
[20:15:36] [Server thread/INFO]: Preparing spawn area: 100%
[20:15:36] [Server thread/INFO]: Prepared spawn area in 2 ms
[20:15:36] [Server thread/INFO]: Loading 0 persistent chunks for level 'minecraft:the_nether'...
[20:15:36] [Server thread/INFO]: Prepared spawn area in 0 ms
[20:15:36] [Server thread/INFO]: Loading 0 persistent chunks for level 'minecraft:the_end'...
[20:15:36] [Server thread/INFO]: Prepared spawn area in 0 ms
[20:15:36] [Server thread/INFO]: Done preparing level "world" (0.477s)
[20:15:36] [Server thread/INFO]: [spark] Starting background profiler...
[20:15:41] [Server thread/INFO]: Saving chunks for level 'ServerLevel[world]'/minecraft:overworld
[20:15:41] [Server thread/INFO]: Saving chunks for level 'ServerLevel[world]'/minecraft:the_nether
[20:15:41] [Server thread/INFO]: Saving chunks for level 'ServerLevel[world]'/minecraft:the_end
[20:15:41] [Server thread/INFO]: ThreadedAnvilChunkStorage (world): All chunks are saved
[20:15:41] [Server thread/INFO]: ThreadedAnvilChunkStorage (DIM-1): All chunks are saved
[20:15:41] [Server thread/INFO]: ThreadedAnvilChunkStorage (DIM1): All chunks are saved
[20:15:41] [Server thread/INFO]: ThreadedAnvilChunkStorage: All dimensions are saved
[20:15:41] [Server thread/INFO]: Running delayed init tasks
[20:15:41] [Server thread/INFO]: Done (16.315s)! For help, type "help"
[20:15:44] [Paper Async Task Handler Thread - 1/INFO]: *** Currently you are 25 builds behind ***
[20:15:44] [Paper Async Task Handler Thread - 1/INFO]: *** It is highly recommended to download the latest build from https://papermc.io/downloads/paper ***
[20:30:19] [Server thread/INFO]: Unknown or incomplete command. See below for error
nigger<--[HERE]
[20:30:23] [Server thread/INFO]: Unknown or incomplete command. See below for error
kys<--[HERE]
[20:30:25] [Server thread/INFO]: Unknown or incomplete command. See below for error
fuck<--[HERE]
[20:30:26] [Server thread/INFO]: Stopping the server
[20:30:26] [Server thread/INFO]: Stopping server
[20:30:26] [Server thread/INFO]: Saving players
[20:30:26] [Server thread/INFO]: Saving worlds
[20:30:26] [Server thread/INFO]: Saving chunks for level 'ServerLevel[world]'/minecraft:overworld
[20:30:26] [Server thread/INFO]: [ChunkHolderManager] Waiting 60s for chunk system to halt for world 'minecraft:overworld'
[20:30:26] [Server thread/INFO]: [ChunkHolderManager] Halted chunk system for world 'minecraft:overworld'
[20:30:26] [Server thread/INFO]: [ChunkHolderManager] Saving all chunkholders for world 'minecraft:overworld'
[20:30:26] [Server thread/INFO]: [ChunkHolderManager] Saved 0 block chunks, 0 entity chunks, 0 poi chunks in world 'minecraft:overworld' in 0.00s
[20:30:26] [Server thread/INFO]: [ChunkHolderManager] Waiting 60s for chunk I/O to halt for world 'minecraft:overworld'
[20:30:26] [Server thread/INFO]: [ChunkHolderManager] Halted I/O scheduler for world 'minecraft:overworld'
[20:30:26] [Server thread/INFO]: Saving chunks for level 'ServerLevel[world]'/minecraft:the_nether
[20:30:26] [Server thread/INFO]: [ChunkHolderManager] Waiting 60s for chunk system to halt for world 'minecraft:the_nether'
[20:30:26] [Server thread/INFO]: [ChunkHolderManager] Halted chunk system for world 'minecraft:the_nether'
[20:30:26] [Server thread/INFO]: [ChunkHolderManager] Saving all chunkholders for world 'minecraft:the_nether'
[20:30:26] [Server thread/INFO]: [ChunkHolderManager] Saved 0 block chunks, 0 entity chunks, 0 poi chunks in world 'minecraft:the_nether' in 0.00s
[20:30:26] [Server thread/INFO]: [ChunkHolderManager] Waiting 60s for chunk I/O to halt for world 'minecraft:the_nether'
[20:30:26] [Server thread/INFO]: [ChunkHolderManager] Halted I/O scheduler for world 'minecraft:the_nether'
[20:30:26] [Server thread/INFO]: Saving chunks for level 'ServerLevel[world]'/minecraft:the_end
[20:30:26] [Server thread/INFO]: [ChunkHolderManager] Waiting 60s for chunk system to halt for world 'minecraft:the_end'
[20:30:26] [Server thread/INFO]: [ChunkHolderManager] Halted chunk system for world 'minecraft:the_end'
[20:30:26] [Server thread/INFO]: [ChunkHolderManager] Saving all chunkholders for world 'minecraft:the_end'
[20:30:26] [Server thread/INFO]: [ChunkHolderManager] Saved 0 block chunks, 0 entity chunks, 0 poi chunks in world 'minecraft:the_end' in 0.00s
[20:30:26] [Server thread/INFO]: [ChunkHolderManager] Waiting 60s for chunk I/O to halt for world 'minecraft:the_end'
[20:30:26] [Server thread/INFO]: [ChunkHolderManager] Halted I/O scheduler for world 'minecraft:the_end'
[20:30:26] [Server thread/INFO]: ThreadedAnvilChunkStorage (world): All chunks are saved
[20:30:26] [Server thread/INFO]: ThreadedAnvilChunkStorage (DIM-1): All chunks are saved
[20:30:26] [Server thread/INFO]: ThreadedAnvilChunkStorage (DIM1): All chunks are saved
[20:30:26] [Server thread/INFO]: ThreadedAnvilChunkStorage: All dimensions are saved
[20:30:26] [Server thread/INFO]: Waiting for all RegionFile I/O tasks to complete...
[20:30:26] [Server thread/INFO]: All RegionFile I/O tasks to complete
[20:30:26] [Server thread/INFO]: [MoonriseCommon] Awaiting termination of worker pool for up to 60s...
[20:30:26] [Server thread/INFO]: [MoonriseCommon] Awaiting termination of I/O pool for up to 60s...
